Standard Commons Logging discovery in action with spring-jcl: please remove commons-logging.jar from classpath in order to avoid potential conflicts
  .   ____          _            __ _ _
 /\\ / ___'_ __ _ _(_)_ __  __ _ \ \ \ \
( ( )\___ | '_ | '_| | '_ \/ _` | \ \ \ \
 \\/  ___)| |_)| | | | | || (_| |  ) ) ) )
  '  |____| .__|_| |_|_| |_\__, | / / / /
 =========|_|==============|___/=/_/_/_/

 :: Spring Boot ::                (v3.3.0)

2026-05-03T22:46:16.531+05:30  INFO 27040 --- [Eureka-server] [           main] c.e.e.EurekaServerApplication            : Starting EurekaServerApplication v0.0.1-SNAPSHOT using Java 17.0.19 with PID 27040 (C:\Users\mkumar27\OT\microservices\Eureka-server\target\Eureka-server-0.0.1-SNAPSHOT.jar started by mkumar27 in C:\Users\mkumar27\OT\microservices\Eureka-server)
2026-05-03T22:46:16.547+05:30  INFO 27040 --- [Eureka-server] [           main] c.e.e.EurekaServerApplication            : No active profile set, falling back to 1 default profile: "default"
2026-05-03T22:46:19.370+05:30  INFO 27040 --- [Eureka-server] [           main] o.s.cloud.context.scope.GenericScope     : BeanFactory id=8f3ec10f-59cd-397d-82f3-7da97306a40e
2026-05-03T22:46:19.498+05:30  WARN 27040 --- [Eureka-server] [           main] trationDelegate$BeanPostProcessorChecker : Bean 'org.springframework.cloud.client.loadbalancer.LoadBalancerAutoConfiguration$DeferringLoadBalancerInterceptorConfig' of type [org.springframework.cloud.client.loadbalancer.LoadBalancerAutoConfiguration$DeferringLoadBalancerInterceptorConfig] is not eligible for getting processed by all BeanPostProcessors (for example: not eligible for auto-proxying). The currently created BeanPostProcessor [lbRestClientPostProcessor] is declared through a non-static factory method on that class; consider declaring it as static instead.
2026-05-03T22:46:19.506+05:30  WARN 27040 --- [Eureka-server] [           main] trationDelegate$BeanPostProcessorChecker : Bean 'deferringLoadBalancerInterceptor' of type [org.springframework.cloud.client.loadbalancer.DeferringLoadBalancerInterceptor] is not eligible for getting processed by all BeanPostProcessors (for example: not eligible for auto-proxying). Is this bean getting eagerly injected into a currently created BeanPostProcessor [lbRestClientPostProcessor]? Check the corresponding BeanPostProcessor declaration and its dependencies.
2026-05-03T22:46:20.739+05:30  INFO 27040 --- [Eureka-server] [           main] o.s.b.w.embedded.tomcat.TomcatWebServer  : Tomcat initialized with port 8761 (http)
2026-05-03T22:46:20.774+05:30  INFO 27040 --- [Eureka-server] [           main] o.apache.catalina.core.StandardService   : Starting service [Tomcat]
2026-05-03T22:46:20.775+05:30  INFO 27040 --- [Eureka-server] [           main] o.apache.catalina.core.StandardEngine    : Starting Servlet engine: [Apache Tomcat/10.1.24]
2026-05-03T22:46:20.874+05:30  INFO 27040 --- [Eureka-server] [           main] o.a.c.c.C.[Tomcat].[localhost].[/]       : Initializing Spring embedded WebApplicationContext
2026-05-03T22:46:20.877+05:30  INFO 27040 --- [Eureka-server] [           main] w.s.c.ServletWebServerApplicationContext : Root WebApplicationContext: initialization completed in 4048 ms
Standard Commons Logging discovery in action with spring-jcl: please remove commons-logging.jar from classpath in order to avoid potential conflicts
2026-05-03T22:46:25.814+05:30  INFO 27040 --- [Eureka-server] [           main] c.n.d.provider.DiscoveryJerseyProvider   : Using JSON encoding codec LegacyJacksonJson
2026-05-03T22:46:25.825+05:30  INFO 27040 --- [Eureka-server] [           main] c.n.d.provider.DiscoveryJerseyProvider   : Using JSON decoding codec LegacyJacksonJson
2026-05-03T22:46:27.027+05:30  INFO 27040 --- [Eureka-server] [           main] c.n.d.provider.DiscoveryJerseyProvider   : Using XML encoding codec XStreamXml
2026-05-03T22:46:27.027+05:30  INFO 27040 --- [Eureka-server] [           main] c.n.d.provider.DiscoveryJerseyProvider   : Using XML decoding codec XStreamXml
2026-05-03T22:46:32.371+05:30  WARN 27040 --- [Eureka-server] [           main] iguration$LoadBalancerCaffeineWarnLogger : Spring Cloud LoadBalancer is currently working with the default cache. While this cache implementation is useful for development and tests, it's recommended to use Caffeine cache in production.You can switch to using Caffeine cache, by adding it and org.springframework.cache.caffeine.CaffeineCacheManager to the classpath.
2026-05-03T22:46:32.497+05:30  INFO 27040 --- [Eureka-server] [           main] o.s.c.n.eureka.InstanceInfoFactory       : Setting initial instance status as: STARTING
2026-05-03T22:46:32.693+05:30  INFO 27040 --- [Eureka-server] [           main] com.netflix.discovery.DiscoveryClient    : Initializing Eureka in region us-east-1
2026-05-03T22:46:32.696+05:30  INFO 27040 --- [Eureka-server] [           main] com.netflix.discovery.DiscoveryClient    : Client configured to neither register nor query for data.
2026-05-03T22:46:32.762+05:30  INFO 27040 --- [Eureka-server] [           main] com.netflix.discovery.DiscoveryClient    : Discovery Client initialized at timestamp 1777828592748 with initial instances count: 0
2026-05-03T22:46:32.979+05:30  INFO 27040 --- [Eureka-server] [           main] c.n.eureka.DefaultEurekaServerContext    : Initializing ...
2026-05-03T22:46:32.989+05:30  WARN 27040 --- [Eureka-server] [           main] c.n.eureka.cluster.PeerEurekaNodes       : The replica size seems to be empty. Check the route 53 DNS Registry
2026-05-03T22:46:33.267+05:30  INFO 27040 --- [Eureka-server] [           main] c.n.e.registry.AbstractInstanceRegistry  : Finished initializing remote region registries. All known remote regions: []
2026-05-03T22:46:33.273+05:30  INFO 27040 --- [Eureka-server] [           main] c.n.eureka.DefaultEurekaServerContext    : Initialized
2026-05-03T22:46:33.329+05:30  INFO 27040 --- [Eureka-server] [           main] o.s.b.a.e.web.EndpointLinksResolver      : Exposing 1 endpoint beneath base path '/actuator'
2026-05-03T22:46:33.763+05:30  INFO 27040 --- [Eureka-server] [           main] o.s.c.n.e.s.EurekaServiceRegistry        : Registering application EUREKA-SERVER with eureka with status UP
2026-05-03T22:46:33.895+05:30  INFO 27040 --- [Eureka-server] [       Thread-9] o.s.c.n.e.server.EurekaServerBootstrap   : isAws returned false
2026-05-03T22:46:33.897+05:30  INFO 27040 --- [Eureka-server] [       Thread-9] o.s.c.n.e.server.EurekaServerBootstrap   : Initialized server context
2026-05-03T22:46:33.899+05:30  INFO 27040 --- [Eureka-server] [       Thread-9] c.n.e.r.PeerAwareInstanceRegistryImpl    : Got 1 instances from neighboring DS node
2026-05-03T22:46:33.900+05:30  INFO 27040 --- [Eureka-server] [       Thread-9] c.n.e.r.PeerAwareInstanceRegistryImpl    : Renew threshold is: 1
2026-05-03T22:46:33.901+05:30  INFO 27040 --- [Eureka-server] [       Thread-9] c.n.e.r.PeerAwareInstanceRegistryImpl    : Changing status to UP
2026-05-03T22:46:33.935+05:30  INFO 27040 --- [Eureka-server] [       Thread-9] e.s.EurekaServerInitializerConfiguration : Started Eureka Server
2026-05-03T22:46:33.986+05:30  INFO 27040 --- [Eureka-server] [           main] o.s.b.w.embedded.tomcat.TomcatWebServer  : Tomcat started on port 8761 (http) with context path '/'
2026-05-03T22:46:33.992+05:30  INFO 27040 --- [Eureka-server] [           main] .s.c.n.e.s.EurekaAutoServiceRegistration : Updating port to 8761
2026-05-03T22:46:34.732+05:30  INFO 27040 --- [Eureka-server] [nio-8761-exec-1] o.a.c.c.C.[Tomcat].[localhost].[/]       : Initializing Spring DispatcherServlet 'dispatcherServlet'
2026-05-03T22:46:34.736+05:30  INFO 27040 --- [Eureka-server] [nio-8761-exec-1] o.s.web.servlet.DispatcherServlet        : Initializing Servlet 'dispatcherServlet'
2026-05-03T22:46:34.740+05:30  INFO 27040 --- [Eureka-server] [nio-8761-exec-1] o.s.web.servlet.DispatcherServlet        : Completed initialization in 2 ms
2026-05-03T22:46:35.213+05:30  INFO 27040 --- [Eureka-server] [           main] c.e.e.EurekaServerApplication            : Started EurekaServerApplication in 20.306 seconds (process running for 22.191)
2026-05-03T22:47:33.911+05:30  INFO 27040 --- [Eureka-server] [a-EvictionTimer] c.n.e.registry.AbstractInstanceRegistry  : Running the evict task with compensationTime 0ms
2026-05-03T22:48:33.912+05:30  INFO 27040 --- [Eureka-server] [a-EvictionTimer] c.n.e.registry.AbstractInstanceRegistry  : Running the evict task with compensationTime 0ms
2026-05-03T22:49:33.912+05:30  INFO 27040 --- [Eureka-server] [a-EvictionTimer] c.n.e.registry.AbstractInstanceRegistry  : Running the evict task with compensationTime 0ms
2026-05-03T22:50:33.913+05:30  INFO 27040 --- [Eureka-server] [a-EvictionTimer] c.n.e.registry.AbstractInstanceRegistry  : Running the evict task with compensationTime 0ms
2026-05-03T22:51:33.928+05:30  INFO 27040 --- [Eureka-server] [a-EvictionTimer] c.n.e.registry.AbstractInstanceRegistry  : Running the evict task with compensationTime 15ms
2026-05-03T22:52:33.929+05:30  INFO 27040 --- [Eureka-server] [a-EvictionTimer] c.n.e.registry.AbstractInstanceRegistry  : Running the evict task with compensationTime 0ms
2026-05-03T22:53:33.939+05:30  INFO 27040 --- [Eureka-server] [a-EvictionTimer] c.n.e.registry.AbstractInstanceRegistry  : Running the evict task with compensationTime 8ms
2026-05-03T22:54:33.939+05:30  INFO 27040 --- [Eureka-server] [a-EvictionTimer] c.n.e.registry.AbstractInstanceRegistry  : Running the evict task with compensationTime 0ms
2026-05-03T22:55:33.955+05:30  INFO 27040 --- [Eureka-server] [a-EvictionTimer] c.n.e.registry.AbstractInstanceRegistry  : Running the evict task with compensationTime 14ms
2026-05-03T22:56:32.999+05:30  WARN 27040 --- [Eureka-server] [eerNodesUpdater] c.n.eureka.cluster.PeerEurekaNodes       : The replica size seems to be empty. Check the route 53 DNS Registry
2026-05-03T22:56:33.970+05:30  INFO 27040 --- [Eureka-server] [a-EvictionTimer] c.n.e.registry.AbstractInstanceRegistry  : Running the evict task with compensationTime 15ms
2026-05-03T22:57:33.982+05:30  INFO 27040 --- [Eureka-server] [a-EvictionTimer] c.n.e.registry.AbstractInstanceRegistry  : Running the evict task with compensationTime 11ms
2026-05-03T22:58:33.998+05:30  INFO 27040 --- [Eureka-server] [a-EvictionTimer] c.n.e.registry.AbstractInstanceRegistry  : Running the evict task with compensationTime 15ms
